上述命令创建了一个名为 my-project 的目录，进入该目录后使用 git init 命令将其初始化为一个 Git 仓库。
从 GitHub 克隆项目
如果你想从 GitHub 上克隆一个已有的项目到本地，可以使用以下命令：
bash
git clone git@github.com:username/repository.git

将 username 替换为仓库所有者的用户名，repository 替换为仓库的名称。
4. 添加和提交更改
在项目目录下进行一些文件的创建或修改后，你需要将这些更改添加到暂存区并提交到本地仓库。
bash
# 添加所有更改到暂存区
git add .
# 提交更改到本地仓库，并添加提交信息
git commit -m "Initial commit"

git add . 命令会把当前目录下所有的更改添加到暂存区，git commit -m "Initial commit" 命令将暂存区的更改提交到本地仓库，并添加了一条提交信息 "Initial commit"。
5. 关联远程仓库
如果你是本地创建的项目，需要将本地仓库关联到 GitHub 上的远程仓库。首先在 GitHub 上创建一个新的仓库，然后在本地项目目录中运行以下命令：
bash
git remote add origin git@github.com:username/repository.git

将 username 替换为你的 GitHub 用户名，repository 替换为你在 GitHub 上创建的仓库名称。
6. 推送更改到远程仓库
将本地仓库的更改推送到远程仓库：
bash
git push -u origin main
-u 参数会将本地的 main 分支和远程的 main 分支关联起来，之后你就可以直接使用 git push 命令进行推送了。
7. 从远程仓库拉取更改（回读）
当远程仓库有新的更改时，你需要将这些更改拉取到本地仓库。
bash
git pull origin main
该命令会从远程仓库的 main 分支拉取最新的更改并合并到本地的 main 分支。
总结
通过以上步骤，你可以完成项目的建立、初始化、推送和回读操作。以下是一个完整的示例：
bash
# 创建并进入项目目录
mkdir my-project
cd my-project
# 初始化 Git 仓库
git init
# 创建一个示例文件
touch example.txt
# 添加所有更改到暂存区
git add .
# 提交更改到本地仓库
git commit -m "Initial commit"
# 关联远程仓库
git remote add origin git@github.com:username/repository.git
# 推送更改到远程仓库
git push -u origin main
# 从远程仓库拉取更改
git pull origin main
把 username 和 repository 替换为你自己的 GitHub 用户名和仓库名称。
希望这些步骤能帮助你快速上手 Git！
Tech@James MINGW64 ~/leo/my-project (master)
$ git remote add origin git@github.com:leoli8559/repository.git

Tech@James MINGW64 ~/leo/my-project (master)
$ git push -u origin main
error: src refspec main does not match any
error: failed to push some refs to 'github.com:leoli8559/repository.git'
   我需要先建立一个远程的项目吗，关联远程项目，但是这个项目是可以用命令建立吗
从你遇到的错误信息 error: src refspec main does not match any 可以知道，本地仓库里不存在 main 分支，所以 Git 没办法把不存在的分支推送到远程仓库。
解决当前问题
确认本地分支名
首先要确认本地仓库的默认分支名。在以前，Git 默认分支名是 master，不过现在很多时候默认是 main。你可以使用下面的命令查看本地分支：
bash
git branch
如果输出显示当前分支是 master，那你就需要推送 master 分支到远程仓库，使用如下命令：
bash
git push -u origin master
将本地 master 分支重命名为 main
若你想让本地分支名和现在常用的 main 分支名保持一致，可以先把 master 分支重命名为 main，再进行推送：
bash
git branch -m master main
git push -u origin main
关于远程项目的创建
是的，在把本地仓库推送到远程之前，需要先在 GitHub 上创建一个远程仓库。目前，GitHub 没有提供命令行直接创建仓库的功能，不过可以借助 GitHub CLI 或者 GitHub API 来完成。
使用 GitHub CLI 创建远程仓库
安装 GitHub CLI：你可以从 GitHub CLI 官方网站 下载适合你操作系统的安装包，然后按照安装向导完成安装。
登录 GitHub CLI：在命令行中运行以下命令，按照提示登录你的 GitHub 账户：
bash
gh auth login
创建远程仓库：在本地项目目录下运行以下命令创建远程仓库：
bash
gh repo create leoli8559/repository --public
这里的 leoli8559/repository 是你要创建的仓库的完整名称，--public 表示创建一个公开的仓库，如果你想创建私有仓库，可以使用 --private 参数。
使用 GitHub API 创建远程仓库
你也可以使用 curl 命令结合 GitHub API 来创建远程仓库，不过这种方法相对复杂一些，需要你先获取 GitHub 的个人访问令牌（Personal Access Token）。以下是一个示例命令：
bash
curl -X POST -H "Authorization: token YOUR_PERSONAL_ACCESS_TOKEN" -d '{"name": "repository", "private": false}' https://api.github.com/user/repos
把 YOUR_PERSONAL_ACCESS_TOKEN 替换为你自己的个人访问令牌。
创建好远程仓库后，再按照前面提到的方法将本地仓库的更改推送到远程仓库即可。
Tech@James MINGW64 ~/leo/my-project (main)
$ git remote add origin git@github.com:leoli8559/test.git
error: remote origin already exists.
从你给出的错误信息 error: remote origin already exists. 可知，本地仓库已经关联了名为 origin 的远程仓库。要是你想更改关联的远程仓库地址，或者重新设置它，有下面几种处理办法：
1. 先删除现有的远程仓库关联，再重新添加
你可以先把现有的 origin 远程仓库关联删掉，接着重新添加新的远程仓库地址。操作命令如下：
bash
git remote remove origin
git remote add origin git@github.com:leoli8559/test.git
git remote remove origin：此命令的作用是删除名为 origin 的远程仓库关联。
git remote add origin git@github.com:leoli8559/test.git：该命令会重新添加一个名为 origin 的远程仓库关联，关联的地址为 git@github.com:leoli8559/test.git。
2. 直接修改现有的远程仓库地址
如果你不想删除再添加，也能直接修改 origin 远程仓库的地址。可以使用以下命令：
bash
git remote set-url origin git@github.com:leoli8559/test.git
git remote set-url origin git@github.com:leoli8559/test.git 这个命令会把 origin 远程仓库的地址修改为 git@github.com:leoli8559/test.git。
完成上述操作之后，你就可以尝试把本地仓库的更改推送到新的远程仓库了：
bash
git push -u origin main
这里的 -u 参数会把本地的 main 分支和远程的 main 分支关联起来，之后你就能直接用 git push 命令进行推送操作了。
Tech@James MINGW64 ~/leo/my-project (main)
$ git remote add origin git@github.com:leoli8559/test.git
error: remote origin already exists.

Tech@James MINGW64 ~/leo/my-project (main)
$ git remote remove origin
git remote add origin git@github.com:leoli8559/test.git

Tech@James MINGW64 ~/leo/my-project (main)
$ git remote set-url origin git@github.com:leoli8559/test.git

Tech@James MINGW64 ~/leo/my-project (main)
$ git push -u origin main
error: src refspec main does not match any
error: failed to push some refs to 'github.com:leoli8559/test.git'
再次出现 error: src refspec main does not match any 错误，这表明本地仓库里并没有 main 分支。下面为你详细分析可能的原因及解决办法：
可能的原因
本地仓库为空：本地仓库没有任何提交，所以不存在 main 分支。
分支名不一致：本地仓库的默认分支名不是 main，可能是 master 或者其他名称。
解决办法
1. 检查本地仓库是否为空
你可以通过以下命令查看本地仓库的提交历史：
bash
git log
如果没有输出，说明本地仓库为空。你需要先创建一些文件并进行提交，示例如下：
bash
# 创建一个示例文件
touch example.txt
# 添加文件到暂存区
git add example.txt
# 提交更改到本地仓库
git commit -m "Initial commit"
2. 确认本地分支名
使用以下命令查看本地分支名：
bash
git branch
若输出显示当前分支不是 main，而是 master 等其他名称，你可以采取以下操作：
若想继续使用当前分支名
比如当前分支是 master，你可以将 master 分支推送到远程仓库：
bash
git push -u origin master
若想将当前分支重命名为 main
可以使用以下命令将当前分支重命名为 main，然后再进行推送：
bash
git branch -m old_branch_name main
git push -u origin main
这里的 old_branch_name 是你当前分支的实际名称。
完整示例
假设本地仓库为空，以下是完整的操作步骤：
bash
# 创建一个示例文件
touch example.txt
# 添加文件到暂存区
git add example.txt
# 提交更改到本地仓库
git commit -m "Initial commit"
# 推送 main 分支到远程仓库
git push -u origin main
按照上述步骤操作，应该可以解决 src refspec main does not match any 的错误。
Tech@James MINGW64 ~/leo/a (main)
$ git branch -M main

Tech@James MINGW64 ~/leo/a (main)
$ git push -u origin main
branch 'main' set up to track 'origin/main'.
Everything up-to-date

Tech@James MINGW64 ~/leo/a (main)
$ git push -u origin main
branch 'main' set up to track 'origin/main'.
Everything up-to-date

Tech@James MINGW64 ~/leo/a (main)
$ git branch -M main

Tech@James MINGW64 ~/leo/a (main)
$ git push -u origin main
branch 'main' set up to track 'origin/main'.
Everything up-to-date
我在当前目录下增加了文件，推送后，远端仓库没有更新。请给确认详细步骤
当你在本地目录添加了文件，推送后远程仓库却未更新，这通常是因为你没有将新增文件的更改添加到暂存区并提交到本地仓库。下面为你详细介绍确认和操作的步骤：
1. 检查本地文件状态
使用 git status 命令查看本地仓库中文件的状态，它能显示哪些文件是新增的、哪些被修改了或者被删除了。
bash
git status
如果有新增文件，它们会显示为 “Untracked files”（未跟踪的文件）。
2. 添加新增文件到暂存区
若 git status 显示有未跟踪的文件，使用 git add 命令将这些文件添加到暂存区。
添加单个文件：
bash
git add <文件名>
添加所有新增和修改的文件：
bash
git add .
3. 提交更改到本地仓库
将暂存区的更改提交到本地仓库，并添加有意义的提交信息。
bash
git commit -m "添加了新文件"
这里的 "添加了新文件" 是提交信息，你可以根据实际情况进行修改。
4. 推送更改到远程仓库
使用 git push 命令将本地仓库的更改推送到远程仓库。
bash
git push origin main
如果之前已经使用 -u 参数关联了本地和远程分支，后续也可以直接使用 git push。
完整操作示例
假设你在本地目录新增了一个名为 new_file.txt 的文件，以下是完整的操作步骤：
bash
# 检查文件状态
git status
# 添加新增文件到暂存区
git add new_file.txt
# 提交更改到本地仓库
git commit -m "添加了 new_file.txt"
# 推送更改到远程仓库
git push origin main
检查推送结果
推送完成后，登录 GitHub 网站，打开对应的仓库页面，检查是否已经成功更新了新增的文件。
通过以上步骤，你应该能够将本地新增的文件成功推送到远程仓库。
git push origin main
Enumerating objects: 10, done.
Counting objects: 100% (10/10), done.
Delta compression using up to 16 threads
Compressing objects: 100% (9/9), done.
Writing objects: 100% (9/9), 1.85 KiB | 270.00 KiB/s, done.
Total 9 (delta 1), reused 0 (delta 0), pack-reused 0 (from 0)
remote: Resolving deltas: 100% (1/1), done.
remote: error: GH013: Repository rule violations found for refs/heads/main.
remote:
remote: - GITHUB PUSH PROTECTION
remote:   —————————————————————————————————————————
remote:     Resolve the following violations before pushing again
remote:
remote:     - Push cannot contain secrets
remote:
remote:
remote:      (?) Learn how to resolve a blocked push
remote:      https://docs.github.com/code-security/secret-scanning/working-with-secret-scanning-and-push-protection/working-with-push-protection-from-the-command-line#resolving-a-blocked-push
remote:
remote:
remote:       —— GitHub SSH Private Key ————————————————————————————
remote:        locations:
remote:          - commit: bc817d3edb795382b4cd6ad95740fb537e68a79c
remote:            path: .ssh/id_ed25519:1
remote:
remote:        (?) To push, remove secret from commit(s) or follow this URL to allow the secret.
remote:        https://github.com/leoli8559/a/security/secret-scanning/unblock-secret/2w1M6oSgFB1MwC0y8AmaIV2Dc0U
remote:
remote:
remote:
To https://github.com/leoli8559/a.git
 ! [remote rejected] main -> main (push declined due to repository rule violations)
error: failed to push some refs to 'https://github.com/leoli8559/a.git'
根据你提供的推送错误信息，GitHub 阻止了你的推送，因为检测到提交中包含敏感信息（如 SSH 私钥）。以下是详细的解决步骤：
错误原因分析
推送被阻止的核心原因是：
你在代码中提交了敏感凭证（如 .ssh/id_ed25519 私钥文件），GitHub 的「推送保护」（Push Protection）机制会拦截包含此类敏感信息的提交，防止密钥泄露。
解决步骤：从本地仓库中彻底移除敏感文件
1. 查看包含敏感信息的提交
在命令行中运行以下命令，查看包含敏感信息的提交哈希和文件路径：
bash
git log --oneline
根据错误提示，敏感文件路径为 .ssh/id_ed25519，对应的提交哈希为 bc817d3edb795382b4cd6ad95740fb537e68a79c。
2. 使用 git filter-repo 移除敏感文件（推荐方法）
git filter-repo 是官方推荐的工具，可安全地从 Git 历史中删除敏感文件，且比传统的 git filter-branch 更高效。
步骤 1：安装 git filter-repo
Windows/macOS/Linux（通过 brew）：
bash
brew install git-filter-repo

Linux（通过包管理器）：
bash
sudo apt install git-filter-repo  # Debian/Ubuntu

步骤 2：从历史提交中删除敏感文件
运行以下命令（将 <敏感文件路径> 替换为实际路径 .ssh/id_ed25519）：
bash
git filter-repo --path .ssh/id_ed25519 --invert-paths --force
--path <文件路径>：指定要删除的敏感文件路径。
--invert-paths：保留其他文件，仅删除指定路径的文件。
--force：强制覆盖历史提交（需注意本地未推送的修改可能丢失）。
步骤 3：确认敏感文件已被移除
bash
git log --oneline  # 检查提交历史，确认敏感文件已不在任何提交中
git status  # 确保工作目录干净
3. 推送修改后的历史（强制推送）
由于修改了 Git 历史，需使用 --force 强制推送到远程仓库：
bash
git push origin main --force
注意：强制推送会覆盖远程仓库的历史记录，若有其他协作者，需提前沟通确认。
替代方案：临时绕过推送保护（不推荐）
如果确认敏感信息是测试数据或误报，可临时绕过保护（但需谨慎，可能导致安全风险）：
点击错误提示中的 URL：
访问 GitHub 提供的链接 https://github.com/leoli8559/a/security/secret-scanning/unblock-secret/...（若文档中链接解析失败，可手动复制错误信息中的 URL 访问）。
选择绕过原因：
误报（False Positive）：如果检测到的字符串并非真实密钥。
仅用于测试（Used in tests）：如果密钥是测试用的假数据。
稍后修复（I'll fix it later）：如果确实包含真实密钥，但需先推送（不推荐，可能导致泄露）。
重新推送：
在绕过有效期内（3 小时），再次运行 git push origin main。
预防措施：避免未来泄露敏感信息
添加 .gitignore 文件：
在项目根目录创建 .gitignore，添加以下内容以忽略敏感文件：
gitignore
# 忽略 SSH 密钥
.ssh/*
# 忽略其他敏感文件（如配置文件、密钥文件）
*.key
*.pem
*.env

使用环境变量或密钥管理工具：
敏感信息（如 API 密钥、私钥）绝不提交到代码仓库，改用环境变量或工具（如 GitHub Secrets、Vault）管理。
例如，在代码中通过 process.env.API_KEY 读取密钥，而非硬编码。
定期扫描已提交的历史：
使用 git audit 或 GitHub 的「秘密扫描」功能，检查历史提交中是否遗漏敏感信息。
总结操作流程
场景	操作步骤
已提交敏感文件	git filter-repo 移除历史记录 → 强制推送 git push --force
临时绕过保护	访问 GitHub 链接选择原因 → 限时内重新推送
长期预防	添加 .gitignore → 使用密钥管理工具 → 定期扫描历史
通过以上步骤，你可以安全地解决推送被阻止的问题，并避免未来再次发生敏感信息泄露。从你给出的错误信息可知，GitHub 的推送保护机制拦截了你的推送操作，原因是推送内容里包含了敏感信息（如 SSH 私钥）。以下是解决此问题的详细步骤：
1. 撤销包含敏感信息的提交
你得撤销包含敏感信息的提交，防止敏感信息被推送到远程仓库。使用 git reset 命令将本地分支回退到上一个安全的提交。
bash
git reset --hard HEAD~1
上述命令会将 HEAD 指针回退到上一个提交，--hard 参数会同时更新工作目录和暂存区，使它们和回退的提交一致。
2. 移除敏感文件
把包含敏感信息的文件（如 .ssh/id_ed25519）从项目中移除，同时确保它不会被再次添加。
bash
git rm --cached .ssh/id_ed25519
--cached 参数会将文件从版本控制中移除，但不会删除本地文件。
3. 更新 .gitignore 文件
为了避免以后不小心将敏感文件添加到版本控制中，要更新 .gitignore 文件，把敏感文件或目录添加进去。
bash
echo ".ssh/" >> .gitignore
上述命令会把 .ssh 目录添加到 .gitignore 文件中，这样 Git 就会忽略该目录下的所有文件。
4. 重新提交更改
移除敏感文件后，重新提交更改。
bash
git add .
git commit -m "移除敏感文件"
5. 推送更改
最后，再次尝试将更改推送到远程仓库。
bash
git push origin main
6. 处理已推送的包含敏感信息的提交（可选）
如果你之前已经将包含敏感信息的提交推送到了远程仓库，那么需要采取额外的措施来保护敏感信息。你可以按照 GitHub 提供的链接（https://github.com/leoli8559/a/security/secret-scanning/unblock-secret/2w1M6oSgFB1MwC0y8AmaIV2Dc0U）来处理已推送的包含敏感信息的提交。
完整操作示例
bash
# 撤销包含敏感信息的提交
git reset --hard HEAD~1
# 移除敏感文件
git rm --cached .ssh/id_ed25519
# 更新 .gitignore 文件
echo ".ssh/" >> .gitignore
# 重新提交更改
git add .
git commit -m "移除敏感文件"
# 推送更改
git push origin main
按照以上步骤操作，应该可以解决推送被拦截的问题，同时保护敏感信息不被泄露。
Tech@James MINGW64 ~/leo/b (main)
$ git push -u origin main
To https://github.com/leoli8559/a.git
 ! [rejected]        main -> main (fetch first)
error: failed to push some refs to 'https://github.com/leoli8559/a.git'
hint: Updates were rejected because the remote contains work that you do not
hint: have locally. This is usually caused by another repository pushing to
hint: the same ref. If you want to integrate the remote changes, use
hint: 'git pull' before pushing again.
hint: See the 'Note about fast-forwards' in 'git push --help' for details.

Tech@James MINGW64 ~/leo/b (main)
$ git push -u origin main
To https://github.com/leoli8559/a.git
 ! [rejected]        main -> main (fetch first)
error: failed to push some refs to 'https://github.com/leoli8559/a.git'
hint: Updates were rejected because the remote contains work that you do not
hint: have locally. This is usually caused by another repository pushing to
hint: the same ref. If you want to integrate the remote changes, use
hint: 'git pull' before pushing again.
hint: See the 'Note about fast-forwards' in 'git push --help' for details.
你遇到的错误 ! [rejected] main -> main (fetch first) 表明远程仓库有一些本地仓库没有的提交，这通常是因为其他地方（比如其他设备或者其他开发者）向同一个分支推送了新的更改。Git 拒绝直接推送，以避免覆盖远程仓库的更改。根据 Git 给出的提示，你可以先使用 git pull 命令将远程仓库的更改拉取下来并合并到本地分支，然后再进行推送。下面为你详细介绍操作步骤：
1. 拉取远程仓库的更改
使用 git pull 命令拉取远程仓库 main 分支的更改，并尝试自动合并到本地的 main 分支。
bash
git pull origin main
这个命令实际上是 git fetch 和 git merge 的组合。git fetch 会从远程仓库下载最新的提交信息，而 git merge 会尝试将这些更改合并到本地分支。
2. 处理合并冲突（如果有）
如果在合并过程中出现冲突，Git 会提示你手动解决冲突。你可以按照以下步骤处理：
查看冲突文件：使用 git status 命令查看哪些文件存在冲突。
bash
git status
编辑冲突文件：打开冲突文件，会看到类似以下的标记：
plaintext
<<<<<<< HEAD
本地的更改内容
=======
远程的更改内容
>>>>>>> 远程分支的提交哈希
你需要手动编辑这些文件，选择保留哪些更改，然后删除冲突标记。
标记冲突已解决：在解决完所有冲突后，使用 git add 命令将冲突文件标记为已解决。
bash
git add <冲突文件路径>
提交合并结果：使用 git commit 命令提交合并结果。
bash
git commit -m "合并远程更改"
3. 再次推送更改
在成功合并远程更改后，再次尝试将本地的更改推送到远程仓库。
bash
git push origin main
完整操作示例
bash
# 拉取远程仓库的更改
git pull origin main
# 处理可能出现的合并冲突（如果有）
# 查看冲突文件
git status
# 编辑冲突文件
# ...
# 标记冲突已解决
git add <冲突文件路径>
# 提交合并结果
git commit -m "合并远程更改"
# 再次推送更改
git push origin main
通过以上步骤，你应该能够解决推送被拒绝的问题，并将本地的更改成功推送到远程仓库。
git push origin main
To https://github.com/leoli8559/a.git
 ! [rejected]        main -> main (non-fast-forward)
error: failed to push some refs to 'https://github.com/leoli8559/a.git'
hint: Updates were rejected because the tip of your current branch is behind
hint: its remote counterpart. If you want to integrate the remote changes,
hint: use 'git pull' before pushing again.
hint: See the 'Note about fast-forwards' in 'git push --help' for details.
你遇到的 non-fast-forward 错误和之前的 fetch first 错误本质原因相同，都是本地分支落后于远程分支，需要先拉取远程更新并合并后再推送。以下是详细解决步骤和原理说明：
错误原因分析
Fast-forward 机制：
Git 默认要求推送时必须是 快进式合并（Fast-forward），即本地分支的最新提交必须是远程分支的直接祖先。如果远程分支有新提交（如其他开发者推送了代码），本地分支的历史会落后于远程，此时直接推送会被拒绝，避免覆盖远程内容。
解决步骤：拉取并合并远程更改
1. 拉取远程分支的最新代码
使用 git pull 命令拉取远程 main 分支的更新，并自动尝试合并到本地：
bash
git pull origin main
等价于 git fetch origin main（下载远程代码） + git merge origin/main（合并到本地分支）。
2. 处理合并冲突（如果有）
如果拉取时出现冲突（本地和远程修改了同一文件的同一部分）：
查看冲突文件：
bash
git status

冲突文件会标记为 both modified。
手动编辑冲突文件：
打开冲突文件，删除 <<<<<<< HEAD 和 >>>>>>> origin/main 之间的冲突标记，保留正确的代码。
diff
<<<<<<< HEAD
本地修改的内容
=======
远程修改的内容
>>>>>>> origin/main

标记冲突已解决：
bash
git add <冲突文件名>

提交合并结果：
bash
git commit -m "Merge remote changes into main"

3. 再次推送本地更改
合并完成后，本地分支已经包含远程的最新代码，此时可以安全推送：
bash
git push origin main
为什么需要先拉取再推送？
假设本地和远程分支的提交历史如下：
plaintext
远程仓库 (origin/main): A -> B -> C （最新提交是 C）
本地仓库 (main):      A -> D （你在 A 之后提交了 D）
直接推送会导致远程的 B -> C 被覆盖，Git 拒绝这种不安全的操作。
通过 git pull 合并后，本地历史变为 A -> D -> E（E 是合并提交），此时推送是安全的快进操作。
强制推送（不推荐，仅用于特殊场景）
如果确定要覆盖远程分支（例如本地分支是正确的，远程分支有误），可以使用 --force 强制推送，但需谨慎：
bash
git push origin main --force
风险：会永久删除远程分支中本地没有的提交，可能导致数据丢失，仅适用于个人仓库或与协作者充分沟通后。
预防未来冲突的最佳实践
定期拉取更新：
在推送代码前，先运行 git pull origin main 确保本地是最新的。
使用分支工作流：
避免直接在 main 分支开发，创建功能分支（如 feature/new-page），开发完成后再合并到 main。
启用分支保护规则：
在 GitHub 仓库设置中启用 分支保护，强制要求拉取请求（PR）和合并检查，减少直接推送冲突。
完整操作示例
bash
# 拉取远程更新并合并
git pull origin main

# 假设出现冲突，处理冲突
git status  # 查看冲突文件
nano conflict-file.txt  # 编辑冲突文件
git add conflict-file.txt  # 标记冲突已解决
git commit -m "Resolved merge conflicts"  # 提交合并结果

# 推送合并后的代码
git push origin main
通过以上步骤，你可以安全地解决分支版本不一致的问题，确保本地与远程仓库的代码同步。
介绍拉去代码，重新开一个分支，修改后推送
下面为你详细介绍从远程仓库拉取代码、创建新分支、在新分支上进行修改并将修改推送到远程仓库的完整步骤。
1. 拉取代码
在拉取代码之前，你需要先克隆远程仓库到本地。假设你要克隆的远程仓库地址为 https://github.com/username/repository.git，可以使用以下命令进行克隆：
bash
git clone https://github.com/username/repository.git
将上述命令中的 https://github.com/username/repository.git 替换为你实际要克隆的仓库地址。克隆完成后，进入该仓库目录：
bash
cd repository
2. 重新开一个分支
进入仓库目录后，你可以使用 git branch 命令查看当前仓库中的所有分支，使用 git checkout 命令切换分支。若要创建并切换到一个新分支，可以使用以下命令：
bash
git checkout -b new-feature
上述命令中的 new-feature 是新分支的名称，你可以根据实际需求进行修改。-b 参数表示创建一个新分支，git checkout -b new-feature 会创建一个名为 new-feature 的新分支，并将当前工作分支切换到该分支。
3. 修改代码
在新分支上，你可以对代码进行修改。比如，你可以使用文本编辑器打开项目中的文件，添加、删除或修改代码内容。修改完成后，使用 git status 命令查看文件的状态：
bash
git status
该命令会显示哪些文件被修改、添加或删除。
4. 添加修改到暂存区
使用 git add 命令将修改后的文件添加到暂存区。如果要添加所有修改的文件，可以使用以下命令：
bash
git add .
若只想添加特定的文件，可以将 . 替换为具体的文件名，例如：
bash
git add file1.txt file2.py
5. 提交修改到本地仓库
将修改添加到暂存区后，使用 git commit 命令将暂存区的修改提交到本地仓库，并添加有意义的提交信息：
bash
git commit -m "Add new feature and modify some codes"
上述命令中的 "Add new feature and modify some codes" 是提交信息，你可以根据实际的修改内容进行修改。
6. 推送修改到远程仓库
将修改提交到本地仓库后，你可以将新分支及其修改推送到远程仓库。使用以下命令进行推送：
bash
git push -u origin new-feature
-u 参数会将本地的 new-feature 分支和远程的 new-feature 分支关联起来，之后你就可以直接使用 git push 命令进行推送了。
完整示例
bash
# 克隆远程仓库到本地
git clone https://github.com/username/repository.git
# 进入仓库目录
cd repository
# 创建并切换到新分支
git checkout -b new-feature
# 进行代码修改
# ...
# 查看文件状态
git status
# 添加修改到暂存区
git add .
# 提交修改到本地仓库
git commit -m "Add new feature and modify some codes"
# 推送修改到远程仓库
git push -u origin new-feature
通过以上步骤，你就可以完成从远程仓库拉取代码、创建新分支、在新分支上进行修改并将修改推送到远程仓库的操作。
分享
如何查看远程仓库地址？
如何推送本地分支到远程仓库？
如何在分支上进行代码修改？



from Alimail Windows